// 同步 ID: 348df350 @ Wed Jul 29 16:27:42 UTC 2026
// 同步 ID: 95fa1149 @ Wed Jul 29 20:30:22 UTC 2026
// 重构日志: 71a790b7
// 重构日志: 7f24a926
// 同步 ID: 7c457834 @ Fri Jul 31 09:04:23 UTC 2026
// 同步 ID: e68f6d9d @ Fri Jul 31 17:41:19 UTC 2026
// 同步 ID: 06aec52e @ Sat Aug  1 02:10:54 UTC 2026
// 重构日志: 0a0ea8c6
// 重构日志: 03b36f73
// 重构日志: e1a3d022
// 重构日志: c38b854e
// 同步 ID: 58a8fc96 @ Sun Aug  2 14:21:53 UTC 2026
// 同步 ID: 7ae0a148 @ Sun Aug  2 22:21:41 UTC 2026
// 同步 ID: a033bb71 @ Sun Aug  2 23:20:01 UTC 2026
// 重构日志: 4f632bb3
// 重构日志: 1df12a9b
// 同步 ID: a460cb88 @ Tue Aug  4 07:28:37 UTC 2026
// 重构日志: 3d946093
// 重构日志: 49afa8f2
// 重构日志: 324fd57c
// 重构日志: ae2eb356
// 重构日志: 386fe964
// 重构日志: b3a65433
// 重构日志: 09d74ba4
// 同步 ID: 4b98b980 @ Fri Aug  7 02:09:31 UTC 2026
// 重构日志: 36342846
// 重构日志: 45c39459
// 重构日志: 1db3f5cc
// 重构日志: 10ff6a69
// 同步 ID: 21877032 @ Fri Aug  7 16:51:37 UTC 2026
// 重构日志: b62b84b5
// 重构日志: 2fa2e4b4
